MemTotal:         355076 kB
MemFree:          134936 kB
MemAvailable:     225652 kB
Buffers:            4252 kB
Cached:            91640 kB
SwapCached:            0 kB
Active:            34012 kB
Inactive:         136744 kB
Active(anon):       1588 kB
Inactive(anon):    75512 kB
Active(file):      32424 kB
Inactive(file):    61232 kB
Unevictable:           0 kB
Mlocked:               0 kB
SwapTotal:             0 kB
SwapFree:              0 kB
Dirty:                40 kB
Writeback:             0 kB
AnonPages:         74952 kB
Mapped:            41652 kB
Shmem:              2232 kB
KReclaimable:       8072 kB
Slab:              30180 kB
SReclaimable:       8072 kB
SUnreclaim:        22108 kB
KernelStack:        1872 kB
PageTables:         2372 kB
SecPageTables:         0 kB
NFS_Unstable:          0 kB
Bounce:                0 kB
WritebackTmp:          0 kB
CommitLimit:      177536 kB
Committed_AS:     278488 kB
VmallocTotal:   34359738367 kB
VmallocUsed:        9564 kB
VmallocChunk:          0 kB
Percpu:              304 kB
DirectMap4k:       41872 kB
DirectMap2M:      346112 kB
DirectMap1G:           0 kB
