MemTotal:         355076 kB
MemFree:          134172 kB
MemAvailable:     224764 kB
Buffers:            4224 kB
Cached:            91564 kB
SwapCached:            0 kB
Active:            33968 kB
Inactive:         136660 kB
Active(anon):       1584 kB
Inactive(anon):    75504 kB
Active(file):      32384 kB
Inactive(file):    61156 kB
Unevictable:           0 kB
Mlocked:               0 kB
SwapTotal:             0 kB
SwapFree:              0 kB
Dirty:               324 kB
Writeback:             0 kB
AnonPages:         74904 kB
Mapped:            41932 kB
Shmem:              2244 kB
KReclaimable:       8064 kB
Slab:              30056 kB
SReclaimable:       8064 kB
SUnreclaim:        21992 kB
KernelStack:        1888 kB
PageTables:         2336 kB
SecPageTables:         0 kB
NFS_Unstable:          0 kB
Bounce:                0 kB
WritebackTmp:          0 kB
CommitLimit:      177536 kB
Committed_AS:     278180 kB
VmallocTotal:   34359738367 kB
VmallocUsed:        9580 kB
VmallocChunk:          0 kB
Percpu:              304 kB
DirectMap4k:       39824 kB
DirectMap2M:      348160 kB
DirectMap1G:           0 kB
